layer 0
start, -5.5, -2.5
goal, 14.5, -2.5
colunaL, -4.5, 0.5
colunaC, -3.5, 0.5
colunaR, -2.5, 0.5
colunaL, -1.5, 0.5
colunaC, -0.5, 0.5
colunaR, 0.5, 0.5
colunaL, 1.5, 0.5
colunaC, 2.5, 0.5
colunaR, 3.5, 0.5
colunaL, 4.5, 0.5
colunaC, 5.5, 0.5
colunaR, 6.5, 0.5
colunaL, 7.5, 0.5
colunaC, 8.5, 0.5
colunaR, 9.5, 0.5
colunaL, 10.5, 0.5
colunaC, 11.5, 0.5
colunaR, 12.5, 0.5
colunaL, 13.5, 0.5
colunaC, 14.5, 0.5
colunaTopo1, -4.5, 9.5
colunaTopo2, -3.5, 9.5
colunaTopo3, -2.5, 9.5
colunaTopo4, -4.5, 8.5
colunaTopo5, -3.5, 8.5
colunaTopo6, -2.5, 8.5
colunaTopo7, -4.5, 7.5
colunaTopo8, -3.5, 7.5
colunaTopo9, -2.5, 7.5
colunaTopo1, -1.5, 9.5
colunaTopo2, -0.5, 9.5
colunaTopo3, 0.5, 9.5
colunaTopo4, -1.5, 8.5
colunaTopo5, -0.5, 8.5
colunaTopo6, 0.5, 8.5
colunaTopo7, -1.5, 7.5
colunaTopo8, -0.5, 7.5
colunaTopo9, 0.5, 7.5
colunaTopo1, 1.5, 9.5
colunaTopo2, 2.5, 9.5
colunaTopo3, 3.5, 9.5
colunaTopo4, 1.5, 8.5
colunaTopo5, 2.5, 8.5
colunaTopo6, 3.5, 8.5
colunaTopo7, 1.5, 7.5
colunaTopo8, 2.5, 7.5
colunaTopo9, 3.5, 7.5
colunaTopo1, 4.5, 9.5
colunaTopo2, 5.5, 9.5
colunaTopo3, 6.5, 9.5
colunaTopo4, 4.5, 8.5
colunaTopo5, 5.5, 8.5
colunaTopo6, 6.5, 8.5
colunaTopo7, 4.5, 7.5
colunaTopo8, 5.5, 7.5
colunaTopo9, 6.5, 7.5
colunaTopo1, 7.5, 9.5
colunaTopo2, 8.5, 9.5
colunaTopo3, 9.5, 9.5
colunaTopo4, 7.5, 8.5
colunaTopo5, 8.5, 8.5
colunaTopo6, 9.5, 8.5
colunaTopo7, 7.5, 7.5
colunaTopo8, 8.5, 7.5
colunaTopo9, 9.5, 7.5
colunaTopo1, 10.5, 9.5
colunaTopo2, 11.5, 9.5
colunaTopo3, 12.5, 9.5
colunaTopo4, 10.5, 8.5
colunaTopo5, 11.5, 8.5
colunaTopo6, 12.5, 8.5
colunaTopo7, 10.5, 7.5
colunaTopo8, 11.5, 7.5
colunaTopo9, 12.5, 7.5
colunaTopo1, 13.5, 9.5
colunaTopo2, 14.5, 9.5
colunaTopo4, 13.5, 8.5
colunaTopo5, 14.5, 8.5
colunaTopo7, 13.5, 7.5
colunaTopo8, 14.5, 7.5
colunaR, 15.5, 0.5
colunaTopo10, 15.5, 9.5
colunaTopo11, 15.5, 8.5
colunaTopo12, 15.5, 7.5
paredeRefletora1, 18.5, 13.5
paredeRefletoraForte5, -3.5, 14.5
paredeRefletoraForte5, -13.5, 14.5
paredeRefletoraForte5, -10.5, 14.5
layer 1
layer 2
layer 3
chao12, 10.5, 14.5
chao12, 7.5, 13.5
wall, -4.5, 1.5
wall, -3.5, 1.5
wall, -2.5, 1.5
wall, -1.5, 1.5
wall, -0.5, 1.5
wall, 0.5, 1.5
wall, 1.5, 1.5
wall, 2.5, 1.5
wall, 3.5, 1.5
wall, 4.5, 1.5
wall, 5.5, 1.5
wall, 6.5, 1.5
wall, 7.5, 1.5
wall, 8.5, 1.5
wall, 9.5, 1.5
wall, 10.5, 1.5
wall, 11.5, 1.5
wall, 12.5, 1.5
wall, 13.5, 1.5
wall, 14.5, 1.5
wall, 15.5, 1.5
wall, -12.5, 14.5
wall, -9.5, 14.5
layer 4
